[0.719s] Invoking command in '/home/loc/ros2_ws/src/my_robot': PYTHONPATH=/home/loc/ros2_ws/build/my_robot/prefix_override:/usr/lib/python3/dist-packages/colcon_core/task/python/colcon_distutils_commands:/home/loc/ros2_ws/install/my_robot/lib/python3.10/site-packages:${PYTHONPATH} /usr/bin/python3 -W ignore:setup.py install is deprecated -W ignore:easy_install command is deprecated setup.py egg_info --egg-base ../../build/my_robot build --build-base /home/loc/ros2_ws/build/my_robot/build install --record /home/loc/ros2_ws/build/my_robot/install.log --single-version-externally-managed install_data
[0.898s] running egg_info
[0.898s] writing ../../build/my_robot/my_robot.egg-info/PKG-INFO
[0.898s] writing dependency_links to ../../build/my_robot/my_robot.egg-info/dependency_links.txt
[0.899s] writing entry points to ../../build/my_robot/my_robot.egg-info/entry_points.txt
[0.899s] writing requirements to ../../build/my_robot/my_robot.egg-info/requires.txt
[0.899s] writing top-level names to ../../build/my_robot/my_robot.egg-info/top_level.txt
[0.900s] reading manifest file '../../build/my_robot/my_robot.egg-info/SOURCES.txt'
[0.901s] writing manifest file '../../build/my_robot/my_robot.egg-info/SOURCES.txt'
[0.901s] running build
[0.901s] running build_py
[0.901s] running install
[0.901s] running install_lib
[0.902s] running install_data
[0.902s] running install_egg_info
[0.904s] removing '/home/loc/ros2_ws/install/my_robot/lib/python3.10/site-packages/my_robot-0.0.0-py3.10.egg-info' (and everything under it)
[0.904s] Copying ../../build/my_robot/my_robot.egg-info to /home/loc/ros2_ws/install/my_robot/lib/python3.10/site-packages/my_robot-0.0.0-py3.10.egg-info
[0.904s] running install_scripts
[0.921s] Installing do_an script to /home/loc/ros2_ws/install/my_robot/lib/my_robot
[0.921s] writing list of installed files to '/home/loc/ros2_ws/build/my_robot/install.log'
[0.950s] Invoked command in '/home/loc/ros2_ws/src/my_robot' returned '0': PYTHONPATH=/home/loc/ros2_ws/build/my_robot/prefix_override:/usr/lib/python3/dist-packages/colcon_core/task/python/colcon_distutils_commands:/home/loc/ros2_ws/install/my_robot/lib/python3.10/site-packages:${PYTHONPATH} /usr/bin/python3 -W ignore:setup.py install is deprecated -W ignore:easy_install command is deprecated setup.py egg_info --egg-base ../../build/my_robot build --build-base /home/loc/ros2_ws/build/my_robot/build install --record /home/loc/ros2_ws/build/my_robot/install.log --single-version-externally-managed install_data
