running develop
Removing /home/loc/ros2_ws/install/my_robot/lib/python3.10/site-packages/my-robot.egg-link (link to .)
running egg_info
writing ../../build/my_robot/my_robot.egg-info/PKG-INFO
writing dependency_links to ../../build/my_robot/my_robot.egg-info/dependency_links.txt
writing entry points to ../../build/my_robot/my_robot.egg-info/entry_points.txt
writing requirements to ../../build/my_robot/my_robot.egg-info/requires.txt
writing top-level names to ../../build/my_robot/my_robot.egg-info/top_level.txt
reading manifest file '../../build/my_robot/my_robot.egg-info/SOURCES.txt'
writing manifest file '../../build/my_robot/my_robot.egg-info/SOURCES.txt'
running build
running build_py
creating /home/loc/ros2_ws/build/my_robot/build
creating /home/loc/ros2_ws/build/my_robot/build/lib
creating /home/loc/ros2_ws/build/my_robot/build/lib/my_robot
copying my_robot/__init__.py -> /home/loc/ros2_ws/build/my_robot/build/lib/my_robot
copying my_robot/do_an.py -> /home/loc/ros2_ws/build/my_robot/build/lib/my_robot
running install
running install_lib
creating /home/loc/ros2_ws/install/my_robot/lib/python3.10/site-packages/my_robot
copying /home/loc/ros2_ws/build/my_robot/build/lib/my_robot/__init__.py -> /home/loc/ros2_ws/install/my_robot/lib/python3.10/site-packages/my_robot
copying /home/loc/ros2_ws/build/my_robot/build/lib/my_robot/do_an.py -> /home/loc/ros2_ws/install/my_robot/lib/python3.10/site-packages/my_robot
byte-compiling /home/loc/ros2_ws/install/my_robot/lib/python3.10/site-packages/my_robot/__init__.py to __init__.cpython-310.pyc
byte-compiling /home/loc/ros2_ws/install/my_robot/lib/python3.10/site-packages/my_robot/do_an.py to do_an.cpython-310.pyc
running install_data
copying resource/my_robot -> /home/loc/ros2_ws/install/my_robot/share/ament_index/resource_index/packages
copying package.xml -> /home/loc/ros2_ws/install/my_robot/share/my_robot
running install_egg_info
Copying ../../build/my_robot/my_robot.egg-info to /home/loc/ros2_ws/install/my_robot/lib/python3.10/site-packages/my_robot-0.0.0-py3.10.egg-info
running install_scripts
Installing do_an script to /home/loc/ros2_ws/install/my_robot/lib/my_robot
writing list of installed files to '/home/loc/ros2_ws/build/my_robot/install.log'
