[0.542s] Invoking command in '/home/loc/ros2_ws/build/my_robot': PYTHONPATH=/home/loc/ros2_ws/build/my_robot/prefix_override:/usr/lib/python3/dist-packages/colcon_core/task/python/colcon_distutils_commands:/home/loc/ros2_ws/install/my_robot/lib/python3.10/site-packages:${PYTHONPATH} /usr/bin/python3 -W ignore:setup.py install is deprecated -W ignore:easy_install command is deprecated setup.py develop --uninstall --editable --build-directory /home/loc/ros2_ws/build/my_robot/build
[0.735s] running develop
[0.868s] Removing /home/loc/ros2_ws/install/my_robot/lib/python3.10/site-packages/my-robot.egg-link (link to .)
[0.892s] Invoked command in '/home/loc/ros2_ws/build/my_robot' returned '0': PYTHONPATH=/home/loc/ros2_ws/build/my_robot/prefix_override:/usr/lib/python3/dist-packages/colcon_core/task/python/colcon_distutils_commands:/home/loc/ros2_ws/install/my_robot/lib/python3.10/site-packages:${PYTHONPATH} /usr/bin/python3 -W ignore:setup.py install is deprecated -W ignore:easy_install command is deprecated setup.py develop --uninstall --editable --build-directory /home/loc/ros2_ws/build/my_robot/build
[0.893s] Invoking command in '/home/loc/ros2_ws/src/my_robot': PYTHONPATH=/home/loc/ros2_ws/build/my_robot/prefix_override:/usr/lib/python3/dist-packages/colcon_core/task/python/colcon_distutils_commands:/home/loc/ros2_ws/install/my_robot/lib/python3.10/site-packages:${PYTHONPATH} /usr/bin/python3 -W ignore:setup.py install is deprecated -W ignore:easy_install command is deprecated setup.py egg_info --egg-base ../../build/my_robot build --build-base /home/loc/ros2_ws/build/my_robot/build install --record /home/loc/ros2_ws/build/my_robot/install.log --single-version-externally-managed install_data --force
[1.069s] running egg_info
[1.070s] writing ../../build/my_robot/my_robot.egg-info/PKG-INFO
[1.070s] writing dependency_links to ../../build/my_robot/my_robot.egg-info/dependency_links.txt
[1.070s] writing entry points to ../../build/my_robot/my_robot.egg-info/entry_points.txt
[1.070s] writing requirements to ../../build/my_robot/my_robot.egg-info/requires.txt
[1.070s] writing top-level names to ../../build/my_robot/my_robot.egg-info/top_level.txt
[1.071s] reading manifest file '../../build/my_robot/my_robot.egg-info/SOURCES.txt'
[1.081s] writing manifest file '../../build/my_robot/my_robot.egg-info/SOURCES.txt'
[1.081s] running build
[1.081s] running build_py
[1.081s] creating /home/loc/ros2_ws/build/my_robot/build
[1.081s] creating /home/loc/ros2_ws/build/my_robot/build/lib
[1.081s] creating /home/loc/ros2_ws/build/my_robot/build/lib/my_robot
[1.081s] copying my_robot/__init__.py -> /home/loc/ros2_ws/build/my_robot/build/lib/my_robot
[1.081s] copying my_robot/do_an.py -> /home/loc/ros2_ws/build/my_robot/build/lib/my_robot
[1.081s] running install
[1.082s] running install_lib
[1.082s] creating /home/loc/ros2_ws/install/my_robot/lib/python3.10/site-packages/my_robot
[1.082s] copying /home/loc/ros2_ws/build/my_robot/build/lib/my_robot/__init__.py -> /home/loc/ros2_ws/install/my_robot/lib/python3.10/site-packages/my_robot
[1.082s] copying /home/loc/ros2_ws/build/my_robot/build/lib/my_robot/do_an.py -> /home/loc/ros2_ws/install/my_robot/lib/python3.10/site-packages/my_robot
[1.083s] byte-compiling /home/loc/ros2_ws/install/my_robot/lib/python3.10/site-packages/my_robot/__init__.py to __init__.cpython-310.pyc
[1.083s] byte-compiling /home/loc/ros2_ws/install/my_robot/lib/python3.10/site-packages/my_robot/do_an.py to do_an.cpython-310.pyc
[1.084s] running install_data
[1.084s] copying resource/my_robot -> /home/loc/ros2_ws/install/my_robot/share/ament_index/resource_index/packages
[1.084s] copying package.xml -> /home/loc/ros2_ws/install/my_robot/share/my_robot
[1.084s] running install_egg_info
[1.085s] Copying ../../build/my_robot/my_robot.egg-info to /home/loc/ros2_ws/install/my_robot/lib/python3.10/site-packages/my_robot-0.0.0-py3.10.egg-info
[1.086s] running install_scripts
[1.101s] Installing do_an script to /home/loc/ros2_ws/install/my_robot/lib/my_robot
[1.101s] writing list of installed files to '/home/loc/ros2_ws/build/my_robot/install.log'
[1.121s] Invoked command in '/home/loc/ros2_ws/src/my_robot' returned '0': PYTHONPATH=/home/loc/ros2_ws/build/my_robot/prefix_override:/usr/lib/python3/dist-packages/colcon_core/task/python/colcon_distutils_commands:/home/loc/ros2_ws/install/my_robot/lib/python3.10/site-packages:${PYTHONPATH} /usr/bin/python3 -W ignore:setup.py install is deprecated -W ignore:easy_install command is deprecated setup.py egg_info --egg-base ../../build/my_robot build --build-base /home/loc/ros2_ws/build/my_robot/build install --record /home/loc/ros2_ws/build/my_robot/install.log --single-version-externally-managed install_data --force
