running develop
running egg_info
creating my_robot.egg-info
writing my_robot.egg-info/PKG-INFO
writing dependency_links to my_robot.egg-info/dependency_links.txt
writing entry points to my_robot.egg-info/entry_points.txt
writing requirements to my_robot.egg-info/requires.txt
writing top-level names to my_robot.egg-info/top_level.txt
writing manifest file 'my_robot.egg-info/SOURCES.txt'
reading manifest file 'my_robot.egg-info/SOURCES.txt'
writing manifest file 'my_robot.egg-info/SOURCES.txt'
running build_ext
Creating /home/loc/ros2_ws/install/my_robot/lib/python3.10/site-packages/my-robot.egg-link (link to .)
Installing do_an script to /home/loc/ros2_ws/install/my_robot/lib/my_robot

Installed /home/loc/ros2_ws/build/my_robot
running symlink_data
creating /home/loc/ros2_ws/install/my_robot/share/ament_index
creating /home/loc/ros2_ws/install/my_robot/share/ament_index/resource_index
creating /home/loc/ros2_ws/install/my_robot/share/ament_index/resource_index/packages
symbolically linking /home/loc/ros2_ws/build/my_robot/resource/my_robot -> /home/loc/ros2_ws/install/my_robot/share/ament_index/resource_index/packages
symbolically linking /home/loc/ros2_ws/build/my_robot/package.xml -> /home/loc/ros2_ws/install/my_robot/share/my_robot
