[0.483s] Invoking command in '/home/loc/ros2_ws/build/my_robot': PYTHONPATH=/home/loc/ros2_ws/build/my_robot/prefix_override:/usr/lib/python3/dist-packages/colcon_core/task/python/colcon_distutils_commands:/home/loc/ros2_ws/install/my_robot/lib/python3.10/site-packages:${PYTHONPATH} /usr/bin/python3 -W ignore:setup.py install is deprecated -W ignore:easy_install command is deprecated setup.py develop --editable --build-directory /home/loc/ros2_ws/build/my_robot/build --no-deps symlink_data
[0.670s] running develop
[0.783s] running egg_info
[0.783s] creating my_robot.egg-info
[0.783s] writing my_robot.egg-info/PKG-INFO
[0.783s] writing dependency_links to my_robot.egg-info/dependency_links.txt
[0.783s] writing entry points to my_robot.egg-info/entry_points.txt
[0.783s] writing requirements to my_robot.egg-info/requires.txt
[0.783s] writing top-level names to my_robot.egg-info/top_level.txt
[0.783s] writing manifest file 'my_robot.egg-info/SOURCES.txt'
[0.785s] reading manifest file 'my_robot.egg-info/SOURCES.txt'
[0.785s] writing manifest file 'my_robot.egg-info/SOURCES.txt'
[0.787s] running build_ext
[0.787s] Creating /home/loc/ros2_ws/install/my_robot/lib/python3.10/site-packages/my-robot.egg-link (link to .)
[0.788s] Installing do_an script to /home/loc/ros2_ws/install/my_robot/lib/my_robot
[0.788s] 
[0.788s] Installed /home/loc/ros2_ws/build/my_robot
[0.788s] running symlink_data
[0.788s] creating /home/loc/ros2_ws/install/my_robot/share/ament_index
[0.788s] creating /home/loc/ros2_ws/install/my_robot/share/ament_index/resource_index
[0.788s] creating /home/loc/ros2_ws/install/my_robot/share/ament_index/resource_index/packages
[0.788s] symbolically linking /home/loc/ros2_ws/build/my_robot/resource/my_robot -> /home/loc/ros2_ws/install/my_robot/share/ament_index/resource_index/packages
[0.788s] symbolically linking /home/loc/ros2_ws/build/my_robot/package.xml -> /home/loc/ros2_ws/install/my_robot/share/my_robot
[0.815s] Invoked command in '/home/loc/ros2_ws/build/my_robot' returned '0': PYTHONPATH=/home/loc/ros2_ws/build/my_robot/prefix_override:/usr/lib/python3/dist-packages/colcon_core/task/python/colcon_distutils_commands:/home/loc/ros2_ws/install/my_robot/lib/python3.10/site-packages:${PYTHONPATH} /usr/bin/python3 -W ignore:setup.py install is deprecated -W ignore:easy_install command is deprecated setup.py develop --editable --build-directory /home/loc/ros2_ws/build/my_robot/build --no-deps symlink_data
