[0.193s] Invoking command in '/home/loc/ros2_ws/build/turtlebot3_multi_robot': CMAKE_PREFIX_PATH=${CMAKE_PREFIX_PATH}:/home/loc/ros2_ws/install/my_robot:/opt/ros/humble /usr/bin/cmake /home/loc/ros2_ws/“ -DAMENT_CMAKE_SYMLINK_INSTALL=1 -DCMAKE_INSTALL_PREFIX=/home/loc/ros2_ws/install/turtlebot3_multi_robot
[0.268s] -- The C compiler identification is GNU 11.4.0
[0.340s] -- The CXX compiler identification is GNU 11.4.0
[0.347s] -- Detecting C compiler ABI info
[0.401s] -- Detecting C compiler ABI info - done
[0.406s] -- Check for working C compiler: /usr/bin/cc - skipped
[0.406s] -- Detecting C compile features
[0.407s] -- Detecting C compile features - done
[0.409s] -- Detecting CXX compiler ABI info
[0.474s] -- Detecting CXX compiler ABI info - done
[0.480s] -- Check for working CXX compiler: /usr/bin/c++ - skipped
[0.480s] -- Detecting CXX compile features
[0.481s] -- Detecting CXX compile features - done
[0.486s] -- Found ament_cmake: 1.3.14 (/opt/ros/humble/share/ament_cmake/cmake)
[0.600s] -- Found Python3: /usr/bin/python3 (found version "3.10.12") found components: Interpreter 
[0.651s] -- Override CMake install command with custom implementation using symlinks instead of copying resources
[0.726s] -- Configuring done
[0.727s] -- Generating done
[0.728s] -- Build files have been written to: /home/loc/ros2_ws/build/turtlebot3_multi_robot
[0.731s] Invoked command in '/home/loc/ros2_ws/build/turtlebot3_multi_robot' returned '0': CMAKE_PREFIX_PATH=${CMAKE_PREFIX_PATH}:/home/loc/ros2_ws/install/my_robot:/opt/ros/humble /usr/bin/cmake /home/loc/ros2_ws/“ -DAMENT_CMAKE_SYMLINK_INSTALL=1 -DCMAKE_INSTALL_PREFIX=/home/loc/ros2_ws/install/turtlebot3_multi_robot
[0.733s] Invoking command in '/home/loc/ros2_ws/build/turtlebot3_multi_robot': CMAKE_PREFIX_PATH=${CMAKE_PREFIX_PATH}:/home/loc/ros2_ws/install/my_robot:/opt/ros/humble /usr/bin/cmake --build /home/loc/ros2_ws/build/turtlebot3_multi_robot -- -j12 -l12
[0.761s] Invoked command in '/home/loc/ros2_ws/build/turtlebot3_multi_robot' returned '0': CMAKE_PREFIX_PATH=${CMAKE_PREFIX_PATH}:/home/loc/ros2_ws/install/my_robot:/opt/ros/humble /usr/bin/cmake --build /home/loc/ros2_ws/build/turtlebot3_multi_robot -- -j12 -l12
[0.769s] Invoking command in '/home/loc/ros2_ws/build/turtlebot3_multi_robot': CMAKE_PREFIX_PATH=${CMAKE_PREFIX_PATH}:/home/loc/ros2_ws/install/my_robot:/opt/ros/humble /usr/bin/cmake --install /home/loc/ros2_ws/build/turtlebot3_multi_robot
[0.774s] -- Install configuration: ""
[0.775s] -- Execute custom install script
[0.775s] -- Symlinking: /home/loc/ros2_ws/install/turtlebot3_multi_robot/share/turtlebot3_multi_robot//launch/gazebo_multi_nav2_world.launch.py
[0.782s] -- Symlinking: /home/loc/ros2_ws/install/turtlebot3_multi_robot/share/turtlebot3_multi_robot//launch/gazebo_multi_world.launch.py
[0.789s] -- Symlinking: /home/loc/ros2_ws/install/turtlebot3_multi_robot/share/turtlebot3_multi_robot//launch/nav2_bringup/bringup_launch.py
[0.796s] -- Symlinking: /home/loc/ros2_ws/install/turtlebot3_multi_robot/share/turtlebot3_multi_robot//launch/nav2_bringup/localization_launch.py
[0.804s] -- Symlinking: /home/loc/ros2_ws/install/turtlebot3_multi_robot/share/turtlebot3_multi_robot//launch/nav2_bringup/navigation_launch.py
[0.810s] -- Symlinking: /home/loc/ros2_ws/install/turtlebot3_multi_robot/share/turtlebot3_multi_robot//launch/nav2_bringup/rviz_launch.py
[0.817s] -- Symlinking: /home/loc/ros2_ws/install/turtlebot3_multi_robot/share/turtlebot3_multi_robot//launch/nav2_bringup/slam_launch.py
[0.823s] -- Symlinking: /home/loc/ros2_ws/install/turtlebot3_multi_robot/share/turtlebot3_multi_robot//models/turtlebot3_burger/meshes/burger_base.dae
[0.829s] -- Symlinking: /home/loc/ros2_ws/install/turtlebot3_multi_robot/share/turtlebot3_multi_robot//models/turtlebot3_burger/meshes/lds.dae
[0.835s] -- Symlinking: /home/loc/ros2_ws/install/turtlebot3_multi_robot/share/turtlebot3_multi_robot//models/turtlebot3_burger/meshes/tire.dae
[0.841s] -- Symlinking: /home/loc/ros2_ws/install/turtlebot3_multi_robot/share/turtlebot3_multi_robot//models/turtlebot3_burger/model-1_4.sdf
[0.848s] -- Symlinking: /home/loc/ros2_ws/install/turtlebot3_multi_robot/share/turtlebot3_multi_robot//models/turtlebot3_burger/model.config
[0.854s] -- Symlinking: /home/loc/ros2_ws/install/turtlebot3_multi_robot/share/turtlebot3_multi_robot//models/turtlebot3_burger/model.sdf
[0.859s] -- Symlinking: /home/loc/ros2_ws/install/turtlebot3_multi_robot/share/turtlebot3_multi_robot//models/turtlebot3_waffle/meshes/lds.dae
[0.867s] -- Symlinking: /home/loc/ros2_ws/install/turtlebot3_multi_robot/share/turtlebot3_multi_robot//models/turtlebot3_waffle/meshes/r200.dae
[0.873s] -- Symlinking: /home/loc/ros2_ws/install/turtlebot3_multi_robot/share/turtlebot3_multi_robot//models/turtlebot3_waffle/meshes/tire.dae
[0.880s] -- Symlinking: /home/loc/ros2_ws/install/turtlebot3_multi_robot/share/turtlebot3_multi_robot//models/turtlebot3_waffle/meshes/waffle_base.dae
[0.887s] -- Symlinking: /home/loc/ros2_ws/install/turtlebot3_multi_robot/share/turtlebot3_multi_robot//models/turtlebot3_waffle/model-1_4.sdf
[0.894s] -- Symlinking: /home/loc/ros2_ws/install/turtlebot3_multi_robot/share/turtlebot3_multi_robot//models/turtlebot3_waffle/model.config
[0.900s] -- Symlinking: /home/loc/ros2_ws/install/turtlebot3_multi_robot/share/turtlebot3_multi_robot//models/turtlebot3_waffle/model.sdf
[0.907s] -- Symlinking: /home/loc/ros2_ws/install/turtlebot3_multi_robot/share/turtlebot3_multi_robot//models/turtlebot3_waffle/model_nocamera.sdf
[0.914s] -- Symlinking: /home/loc/ros2_ws/install/turtlebot3_multi_robot/share/turtlebot3_multi_robot//rviz/multi_nav2_default_view.rviz
[0.920s] -- Symlinking: /home/loc/ros2_ws/install/turtlebot3_multi_robot/share/turtlebot3_multi_robot//rviz/nav2_default_view.rviz
[0.927s] -- Symlinking: /home/loc/ros2_ws/install/turtlebot3_multi_robot/share/turtlebot3_multi_robot//urdf/common_properties.urdf
[0.934s] -- Symlinking: /home/loc/ros2_ws/install/turtlebot3_multi_robot/share/turtlebot3_multi_robot//urdf/turtlebot3_burger.urdf
[0.941s] -- Symlinking: /home/loc/ros2_ws/install/turtlebot3_multi_robot/share/turtlebot3_multi_robot//urdf/turtlebot3_waffle.urdf
[0.948s] -- Symlinking: /home/loc/ros2_ws/install/turtlebot3_multi_robot/share/turtlebot3_multi_robot//worlds/multi_empty_world.world
[0.954s] -- Symlinking: /home/loc/ros2_ws/install/turtlebot3_multi_robot/share/turtlebot3_multi_robot//worlds/multi_robot_world.world
[0.962s] -- Symlinking: /home/loc/ros2_ws/install/turtlebot3_multi_robot/share/turtlebot3_multi_robot//params/nav2_params.yaml
[0.969s] -- Symlinking: /home/loc/ros2_ws/install/turtlebot3_multi_robot/share/turtlebot3_multi_robot/environment/multi_robot.dsv
[0.976s] -- Symlinking: /home/loc/ros2_ws/install/turtlebot3_multi_robot/share/ament_index/resource_index/package_run_dependencies/turtlebot3_multi_robot
[0.983s] -- Symlinking: /home/loc/ros2_ws/install/turtlebot3_multi_robot/share/ament_index/resource_index/parent_prefix_path/turtlebot3_multi_robot
[0.991s] -- Symlinking: /home/loc/ros2_ws/install/turtlebot3_multi_robot/share/turtlebot3_multi_robot/environment/ament_prefix_path.sh
[0.997s] -- Symlinking: /home/loc/ros2_ws/install/turtlebot3_multi_robot/share/turtlebot3_multi_robot/environment/ament_prefix_path.dsv
[1.004s] -- Symlinking: /home/loc/ros2_ws/install/turtlebot3_multi_robot/share/turtlebot3_multi_robot/environment/path.sh
[1.012s] -- Symlinking: /home/loc/ros2_ws/install/turtlebot3_multi_robot/share/turtlebot3_multi_robot/environment/path.dsv
[1.022s] -- Symlinking: /home/loc/ros2_ws/install/turtlebot3_multi_robot/share/turtlebot3_multi_robot/local_setup.bash
[1.029s] -- Symlinking: /home/loc/ros2_ws/install/turtlebot3_multi_robot/share/turtlebot3_multi_robot/local_setup.sh
[1.035s] -- Symlinking: /home/loc/ros2_ws/install/turtlebot3_multi_robot/share/turtlebot3_multi_robot/local_setup.zsh
[1.044s] -- Symlinking: /home/loc/ros2_ws/install/turtlebot3_multi_robot/share/turtlebot3_multi_robot/local_setup.dsv
[1.051s] -- Symlinking: /home/loc/ros2_ws/install/turtlebot3_multi_robot/share/turtlebot3_multi_robot/package.dsv
[1.059s] -- Symlinking: /home/loc/ros2_ws/install/turtlebot3_multi_robot/share/ament_index/resource_index/packages/turtlebot3_multi_robot
[1.066s] -- Symlinking: /home/loc/ros2_ws/install/turtlebot3_multi_robot/share/turtlebot3_multi_robot/cmake/turtlebot3_multi_robotConfig.cmake
[1.074s] -- Symlinking: /home/loc/ros2_ws/install/turtlebot3_multi_robot/share/turtlebot3_multi_robot/cmake/turtlebot3_multi_robotConfig-version.cmake
[1.081s] -- Symlinking: /home/loc/ros2_ws/install/turtlebot3_multi_robot/share/turtlebot3_multi_robot/package.xml
[1.090s] Invoked command in '/home/loc/ros2_ws/build/turtlebot3_multi_robot' returned '0': CMAKE_PREFIX_PATH=${CMAKE_PREFIX_PATH}:/home/loc/ros2_ws/install/my_robot:/opt/ros/humble /usr/bin/cmake --install /home/loc/ros2_ws/build/turtlebot3_multi_robot
