[0.698s] Invoking command in '/home/loc/ros2_ws/src/my_nav': PYTHONPATH=/home/loc/ros2_ws/build/my_nav/prefix_override:/usr/lib/python3/dist-packages/colcon_core/task/python/colcon_distutils_commands:/home/loc/ros2_ws/install/my_nav/lib/python3.10/site-packages:${PYTHONPATH} /usr/bin/python3 -W ignore:setup.py install is deprecated -W ignore:easy_install command is deprecated setup.py egg_info --egg-base ../../build/my_nav build --build-base /home/loc/ros2_ws/build/my_nav/build install --record /home/loc/ros2_ws/build/my_nav/install.log --single-version-externally-managed install_data
[0.875s] running egg_info
[0.875s] creating ../../build/my_nav/my_nav.egg-info
[0.876s] writing ../../build/my_nav/my_nav.egg-info/PKG-INFO
[0.876s] writing dependency_links to ../../build/my_nav/my_nav.egg-info/dependency_links.txt
[0.876s] writing entry points to ../../build/my_nav/my_nav.egg-info/entry_points.txt
[0.876s] writing requirements to ../../build/my_nav/my_nav.egg-info/requires.txt
[0.876s] writing top-level names to ../../build/my_nav/my_nav.egg-info/top_level.txt
[0.876s] writing manifest file '../../build/my_nav/my_nav.egg-info/SOURCES.txt'
[0.877s] reading manifest file '../../build/my_nav/my_nav.egg-info/SOURCES.txt'
[0.878s] writing manifest file '../../build/my_nav/my_nav.egg-info/SOURCES.txt'
[0.878s] running build
[0.878s] running build_py
[0.878s] creating /home/loc/ros2_ws/build/my_nav/build
[0.878s] creating /home/loc/ros2_ws/build/my_nav/build/lib
[0.878s] creating /home/loc/ros2_ws/build/my_nav/build/lib/my_nav
[0.878s] copying my_nav/__init__.py -> /home/loc/ros2_ws/build/my_nav/build/lib/my_nav
[0.878s] running install
[0.878s] running install_lib
[0.879s] creating /home/loc/ros2_ws/install/my_nav/lib/python3.10/site-packages/my_nav
[0.879s] copying /home/loc/ros2_ws/build/my_nav/build/lib/my_nav/__init__.py -> /home/loc/ros2_ws/install/my_nav/lib/python3.10/site-packages/my_nav
[0.879s] byte-compiling /home/loc/ros2_ws/install/my_nav/lib/python3.10/site-packages/my_nav/__init__.py to __init__.cpython-310.pyc
[0.880s] running install_data
[0.880s] creating /home/loc/ros2_ws/install/my_nav/share/ament_index
[0.880s] creating /home/loc/ros2_ws/install/my_nav/share/ament_index/resource_index
[0.880s] creating /home/loc/ros2_ws/install/my_nav/share/ament_index/resource_index/packages
[0.880s] copying resource/my_nav -> /home/loc/ros2_ws/install/my_nav/share/ament_index/resource_index/packages
[0.880s] copying package.xml -> /home/loc/ros2_ws/install/my_nav/share/my_nav
[0.880s] creating /home/loc/ros2_ws/install/my_nav/share/my_nav/launch
[0.880s] copying launch/nav.launch.py -> /home/loc/ros2_ws/install/my_nav/share/my_nav/launch
[0.880s] creating /home/loc/ros2_ws/install/my_nav/share/my_nav/config
[0.880s] copying config/nav2_params.yaml -> /home/loc/ros2_ws/install/my_nav/share/my_nav/config
[0.880s] running install_egg_info
[0.882s] Copying ../../build/my_nav/my_nav.egg-info to /home/loc/ros2_ws/install/my_nav/lib/python3.10/site-packages/my_nav-0.0.0-py3.10.egg-info
[0.882s] running install_scripts
[0.898s] writing list of installed files to '/home/loc/ros2_ws/build/my_nav/install.log'
[0.922s] Invoked command in '/home/loc/ros2_ws/src/my_nav' returned '0': PYTHONPATH=/home/loc/ros2_ws/build/my_nav/prefix_override:/usr/lib/python3/dist-packages/colcon_core/task/python/colcon_distutils_commands:/home/loc/ros2_ws/install/my_nav/lib/python3.10/site-packages:${PYTHONPATH} /usr/bin/python3 -W ignore:setup.py install is deprecated -W ignore:easy_install command is deprecated setup.py egg_info --egg-base ../../build/my_nav build --build-base /home/loc/ros2_ws/build/my_nav/build install --record /home/loc/ros2_ws/build/my_nav/install.log --single-version-externally-managed install_data
