[0.755s] Invoking command in '/home/loc/ros2_ws/src/my_nav': PYTHONPATH=/home/loc/ros2_ws/build/my_nav/prefix_override:/usr/lib/python3/dist-packages/colcon_core/task/python/colcon_distutils_commands:/home/loc/ros2_ws/install/my_nav/lib/python3.10/site-packages:${PYTHONPATH} /usr/bin/python3 -W ignore:setup.py install is deprecated -W ignore:easy_install command is deprecated setup.py egg_info --egg-base ../../build/my_nav build --build-base /home/loc/ros2_ws/build/my_nav/build install --record /home/loc/ros2_ws/build/my_nav/install.log --single-version-externally-managed install_data
[0.957s] running egg_info
[0.958s] writing ../../build/my_nav/my_nav.egg-info/PKG-INFO
[0.958s] writing dependency_links to ../../build/my_nav/my_nav.egg-info/dependency_links.txt
[0.958s] writing entry points to ../../build/my_nav/my_nav.egg-info/entry_points.txt
[0.959s] writing requirements to ../../build/my_nav/my_nav.egg-info/requires.txt
[0.959s] writing top-level names to ../../build/my_nav/my_nav.egg-info/top_level.txt
[0.960s] reading manifest file '../../build/my_nav/my_nav.egg-info/SOURCES.txt'
[0.963s] writing manifest file '../../build/my_nav/my_nav.egg-info/SOURCES.txt'
[0.963s] running build
[0.964s] running build_py
[0.964s] running install
[0.964s] running install_lib
[0.965s] running install_data
[0.965s] running install_egg_info
[0.967s] removing '/home/loc/ros2_ws/install/my_nav/lib/python3.10/site-packages/my_nav-0.0.0-py3.10.egg-info' (and everything under it)
[0.967s] Copying ../../build/my_nav/my_nav.egg-info to /home/loc/ros2_ws/install/my_nav/lib/python3.10/site-packages/my_nav-0.0.0-py3.10.egg-info
[0.967s] running install_scripts
[0.984s] writing list of installed files to '/home/loc/ros2_ws/build/my_nav/install.log'
[1.021s] Invoked command in '/home/loc/ros2_ws/src/my_nav' returned '0': PYTHONPATH=/home/loc/ros2_ws/build/my_nav/prefix_override:/usr/lib/python3/dist-packages/colcon_core/task/python/colcon_distutils_commands:/home/loc/ros2_ws/install/my_nav/lib/python3.10/site-packages:${PYTHONPATH} /usr/bin/python3 -W ignore:setup.py install is deprecated -W ignore:easy_install command is deprecated setup.py egg_info --egg-base ../../build/my_nav build --build-base /home/loc/ros2_ws/build/my_nav/build install --record /home/loc/ros2_ws/build/my_nav/install.log --single-version-externally-managed install_data
